[backblue.gif]
[fade.gif]
[index.html]
[localhost/APS/indexd784.html]
[localhost/APS/indexa6da.html]
[fonts.googleapis.com/index.html]
[localhost/APS/index52f0.json]
[localhost/APS/index9d6e.json]
[localhost/APS/xmlrpc0db0.php]
[localhost/APS/index5208.json]
[localhost/APS/indexf26f.php]
[localhost/APS/wp-content/uploads/2024/05/logo-1.png]
[localhost/APS/wp-content/themes/astra/inc/assets/images/starter-content/branding.jpg]
[localhost/APS/wp-content/themes/astra/inc/assets/images/starter-content/graphic.jpg]
[localhost/APS/wp-content/themes/astra/inc/assets/images/starter-content/web.jpg]
[localhost/APS/wp-content/uploads/2024/05/pexels-rebecca-zaal-252062-764681.jpg]
[localhost/APS/wp-content/uploads/2024/05/file.png]
[localhost/APS/wp-content/themes/astra/assets/js/minified/frontend.min1f6a.js]
[localhost/APS/index.html]
[fonts.googleapis.com/index.html]
[localhost/APS/wp-content/themes/astra/assets/css/minified/main.min1f6a.css]
[fonts.googleapis.com/cssc1e6.css]
[localhost/APS/wp-includes/css/dist/block-library/style.minef10.css]
[localhost/APS/wp-content/themes/astra/inc/assets/images/starter-content/hero-img.svg]
[localhost/APS/wp-content/themes/astra/inc/assets/images/starter-content/building.svg]
[localhost/APS/wp-content/themes/astra/inc/assets/images/starter-content/shopping-bag.svg]
[localhost/APS/wp-content/themes/astra/inc/assets/images/starter-content/blog.svg]
[localhost/APS/wp-content/themes/astra/inc/assets/images/starter-content/portfolio.svg]
[localhost/APS/wp-content/themes/astra/inc/assets/images/starter-content/passionate.svg]
[localhost/APS/wp-content/themes/astra/inc/assets/images/starter-content/professional.svg]
[localhost/APS/wp-content/themes/astra/inc/assets/images/starter-content/support.svg]
[gmpg.org/xfn/11]
